// Jest Snapshot v1, https://goo.gl/fbAQLP

exports[`<About /> component should render correctly 1`] = `
<div>
  <h1
    className="title"
  >
    About
  </h1>
</div>
`;
