// Jest Snapshot v1, https://goo.gl/fbAQLP

exports[`<BaseScreen /> component should render correctly 1`] = `
<div>
  <nav
    className="navbar is-transparent"
  >
    <ul
      className="navbar-start"
    >
      <li
        className="navbar-item"
      >
        <a
          href="/"
          onClick={[Function]}
        >
          Home
        </a>
      </li>
      <li
        className="navbar-item"
      >
        <a
          href="/about"
          onClick={[Function]}
        >
          About
        </a>
      </li>
      <li
        className="navbar-item"
      >
        <a
          href="/topics"
          onClick={[Function]}
        >
          Topics
        </a>
      </li>
      <li
        className="navbar-item"
      >
        <a
          href="/timer"
          onClick={[Function]}
        >
          Timer
        </a>
      </li>
    </ul>
  </nav>
  <div
    className="section"
  >
    <div
      className="container"
    >
      <div>
        Some content
      </div>
    </div>
  </div>
</div>
`;
