// Jest Snapshot v1, https://goo.gl/fbAQLP

exports[`<Timer /> component should render correctly 1`] = `
<div>
  <h1
    className="title"
  >
    Timer
  </h1>
  <p>
    Seconds:
    12
  </p>
  <button
    onClick={[MockFunction]}
    type="button"
  >
    Reset
  </button>
</div>
`;
