// Jest Snapshot v1, https://goo.gl/fbAQLP

exports[`<Topic /> component should render correctly 1`] = `
<div>
  <h2
    className="subtitle"
  >
    somerandomid
  </h2>
</div>
`;
