// Jest Snapshot v1, https://goo.gl/fbAQLP

exports[`<NavbarItem /> component should render correctly 1`] = `
<li
  className="navbar-item"
>
  <a
    href="/home"
    onClick={[Function]}
  >
    Home
  </a>
</li>
`;
