// Jest Snapshot v1, https://goo.gl/fbAQLP

exports[`<Section /> component should render correctly 1`] = `
<div
  className="section"
>
  <div>
    Some content
  </div>
</div>
`;
