// Jest Snapshot v1, https://goo.gl/fbAQLP

exports[`<Subtitle /> component should render correctly 1`] = `
<h2
  className="subtitle"
>
  Some cool subtitle
</h2>
`;
